// Vitest Snapshot v1

exports[`render loading screen 1`] = `
<div
  class="loading-screen"
>
  <div
    class="loading-indicator"
  >
    <div
      class="bounce1"
    />
    <div
      class="bounce2"
    />
    <div
      class="bounce3"
    />
  </div>
</div>
`;
