// Vitest Snapshot v1

exports[`Timer > should render correctly 1`] = `
<div
  class="timer"
  id="timer"
>
  <span>
    02
    :
    59
  </span>
  <button
    title="Timer.stopTimer"
  >
    <svg
      viewBox="0 0 36 36"
      xmlns="http://www.w3.org/2000/svg"
    >
      <g
        fill="none"
      >
        <rect
          height="24"
          transform="translate(6 6)"
          width="24"
        />
        <g
          stroke="currentColor"
          stroke-width="2"
          transform="rotate(45 1.179 24.468)"
        >
          <line
            x1="8.5"
            x2="8.5"
            y2="16"
          />
          <line
            x1="0.5"
            x2="16.5"
            y1="8"
            y2="8"
          />
        </g>
      </g>
    </svg>
  </button>
</div>
`;
