// Vitest Snapshot v1

exports[`TimerDialog > should match the napshot 1`] = `
<div
  class="portal"
  role="dialog"
>
  <div
    data-focus-guard="true"
    style="width: 1px; height: 0px; padding: 0px; overflow: hidden; position: fixed; top: 1px; left: 1px;"
    tabindex="0"
  />
  <div
    data-focus-lock-disabled="false"
  >
    <div
      class="portal__frame accent-color__backlog-blue"
    >
      <div
        class="portal__content"
        role="dialog"
      >
        <aside
          class="dialog timer-dialog accent-color__planning-pink"
        >
          <article
            class="dialog__content"
          >
            <h2
              class="dialog__header-text"
            >
              TimerToggleButton.label
            </h2>
            <button
              class="dialog__button"
              data-testid="timer-dialog__1-minute-button"
            >
              <label>
                TimerToggleButton.1min
              </label>
              <svg
                class="timer-dialog__button-icon"
                height="32"
                id="ic_one"
                viewBox="0 0 32 32"
                width="32"
                xmlns="http://www.w3.org/2000/svg"
              >
                <rect
                  fill="rgba(255,255,255,0)"
                  height="32"
                  id="BG"
                  width="32"
                />
                <g
                  data-name="Ellipse 32"
                  fill="none"
                  id="Ellipse_32"
                  stroke="#E20360"
                  stroke-width="2"
                  transform="translate(4 4)"
                >
                  <circle
                    cx="12"
                    cy="12"
                    r="12"
                    stroke="none"
                  />
                  <circle
                    cx="12"
                    cy="12"
                    fill="none"
                    r="11"
                  />
                </g>
                <path
                  d="M6.966-.554v1.56H.945V-.554H3.183v-5.5a1.867,1.867,0,0,1-.441.394,5.348,5.348,0,0,1-.67.386,4.689,4.689,0,0,1-.749.292,2.494,2.494,0,0,1-.694.11V-6.5a1.769,1.769,0,0,0,.725-.189,6.54,6.54,0,0,0,.812-.449,6.3,6.3,0,0,0,.686-.5,1.354,1.354,0,0,0,.331-.355H4.965v7.44Z"
                  data-name="Pfad 3996"
                  fill="#E20360"
                  id="Pfad_3996"
                  transform="translate(12.27 19.494)"
                />
              </svg>
            </button>
            <button
              class="dialog__button"
              data-testid="timer-dialog__3-minute-button"
            >
              <label>
                TimerToggleButton.3min
              </label>
              <svg
                class="timer-dialog__button-icon"
                height="32"
                id="ic_three"
                viewBox="0 0 32 32"
                width="32"
                xmlns="http://www.w3.org/2000/svg"
              >
                <g
                  data-name="Ellipse 32"
                  fill="none"
                  id="Ellipse_32"
                  stroke="#E20360"
                  stroke-width="2"
                  transform="translate(4 4)"
                >
                  <circle
                    cx="12"
                    cy="12"
                    r="12"
                    stroke="none"
                  />
                  <circle
                    cx="12"
                    cy="12"
                    fill="none"
                    r="11"
                  />
                </g>
                <path
                  d="M4.652-3.823a2,2,0,0,1,.917.393,2.019,2.019,0,0,1,.6.773A2.525,2.525,0,0,1,6.386-1.6a2.381,2.381,0,0,1-.38,1.347A2.5,2.5,0,0,1,4.926.637,3.943,3.943,0,0,1,3.28.955,3.984,3.984,0,0,1,1.608.624,2.811,2.811,0,0,1,.448-.33l.836-.948a2.244,2.244,0,0,0,.773.717,2.408,2.408,0,0,0,1.2.268,2.009,2.009,0,0,0,1.26-.349A1.245,1.245,0,0,0,4.964-1.69a1.4,1.4,0,0,0-.493-1.135,2.263,2.263,0,0,0-1.478-.412H2.656V-4.309H3.03A1.892,1.892,0,0,0,4.315-4.7a1.261,1.261,0,0,0,.449-.992,1.108,1.108,0,0,0-.181-.655,1.071,1.071,0,0,0-.505-.38,2.076,2.076,0,0,0-.748-.125,2.246,2.246,0,0,0-1.123.274,2.009,2.009,0,0,0-.773.786L.573-6.729a2.38,2.38,0,0,1,.686-.7,3.544,3.544,0,0,1,1-.468,4.211,4.211,0,0,1,1.2-.168,3.565,3.565,0,0,1,1.447.274,2.227,2.227,0,0,1,.967.773,2.019,2.019,0,0,1,.343,1.173,2.274,2.274,0,0,1-.187.917,1.885,1.885,0,0,1-.549.723A1.832,1.832,0,0,1,4.652-3.823Z"
                  data-name="Pfad 3997"
                  fill="#E20360"
                  id="Pfad_3997"
                  transform="translate(12.569 19.552)"
                />
                <rect
                  fill="rgba(255,255,255,0)"
                  height="32"
                  id="BG"
                  width="32"
                />
              </svg>
            </button>
            <button
              class="dialog__button"
              data-testid="timer-dialog__5-minute-button"
            >
              <label>
                TimerToggleButton.5min
              </label>
              <svg
                class="timer-dialog__button-icon"
                height="32"
                id="ic_five"
                viewBox="0 0 32 32"
                width="32"
                xmlns="http://www.w3.org/2000/svg"
              >
                <g
                  data-name="Ellipse 32"
                  fill="none"
                  id="Ellipse_32"
                  stroke="#E20360"
                  stroke-width="2"
                  transform="translate(4 4)"
                >
                  <circle
                    cx="12"
                    cy="12"
                    r="12"
                    stroke="none"
                  />
                  <circle
                    cx="12"
                    cy="12"
                    fill="none"
                    r="11"
                  />
                </g>
                <path
                  d="M3.31.971A3.429,3.429,0,0,1,1.592.541,2.92,2.92,0,0,1,.434-.623l.822-.784a2.63,2.63,0,0,0,.9.853,2.3,2.3,0,0,0,1.17.318,1.863,1.863,0,0,0,.909-.218,1.615,1.615,0,0,0,.629-.61,1.749,1.749,0,0,0,.23-.9,1.7,1.7,0,0,0-.224-.878,1.556,1.556,0,0,0-.6-.585,1.754,1.754,0,0,0-.859-.205,1.9,1.9,0,0,0-.884.212,1.791,1.791,0,0,0-.672.6H.646L1.654-7.994H5.975v1.258H2.65L2.2-4.321a1.569,1.569,0,0,1,.573-.367A2.215,2.215,0,0,1,3.6-4.831a2.985,2.985,0,0,1,1.488.367,2.755,2.755,0,0,1,1.033,1A2.807,2.807,0,0,1,6.5-1.992a2.828,2.828,0,0,1-.423,1.55A2.918,2.918,0,0,1,4.929.6,3.471,3.471,0,0,1,3.31.971Z"
                  data-name="Pfad 3998"
                  fill="#E20360"
                  id="Pfad_3998"
                  transform="translate(12.543 19.551)"
                />
                <rect
                  fill="rgba(255,255,255,0)"
                  height="32"
                  id="BG"
                  width="32"
                />
              </svg>
            </button>
            <button
              class="dialog__button"
              data-testid="timer-dialog__custom-minute-button"
            >
              <label>
                TimerToggleButton.customTime
              </label>
              <button
                class="timer-dialog__time-button"
                data-testid="timer-dialog__minus-button"
              >
                <svg
                  height="32"
                  id="ic_minus"
                  viewBox="0 0 32 32"
                  width="32"
                  xmlns="http://www.w3.org/2000/svg"
                >
                  <rect
                    fill="rgba(255,255,255,0)"
                    height="32"
                    id="BG"
                    width="32"
                  />
                  <g
                    data-name="Ellipse 32"
                    fill="none"
                    id="Ellipse_32"
                    stroke="#E20360"
                    stroke-width="2"
                    transform="translate(4 4)"
                  >
                    <circle
                      cx="12"
                      cy="12"
                      r="12"
                      stroke="none"
                    />
                    <circle
                      cx="12"
                      cy="12"
                      fill="none"
                      r="11"
                    />
                  </g>
                  <g
                    data-name="Rechteck 573"
                    fill="#fff"
                    id="Rechteck_573"
                    stroke="#E20360"
                    stroke-width="1"
                    transform="translate(12 15)"
                  >
                    <rect
                      height="2"
                      rx="1"
                      stroke="none"
                      width="8"
                    />
                    <rect
                      fill="none"
                      height="1"
                      rx="0.5"
                      width="7"
                      x="0.5"
                      y="0.5"
                    />
                  </g>
                </svg>
              </button>
              <label
                class="timer-dialog__time-label"
              >
                10
              </label>
              <button
                class="timer-dialog__time-button"
                data-testid="timer-dialog__plus-button"
              >
                <svg
                  height="32"
                  id="ic_plus"
                  viewBox="0 0 32 32"
                  width="32"
                  xmlns="http://www.w3.org/2000/svg"
                >
                  <rect
                    fill="rgba(255,255,255,0)"
                    height="32"
                    id="BG"
                    width="32"
                  />
                  <g
                    data-name="Ellipse 32"
                    fill="none"
                    id="Ellipse_32"
                    stroke="#E20360"
                    stroke-width="2"
                    transform="translate(4 4)"
                  >
                    <circle
                      cx="12"
                      cy="12"
                      r="12"
                      stroke="none"
                    />
                    <circle
                      cx="12"
                      cy="12"
                      fill="none"
                      r="11"
                    />
                  </g>
                  <g
                    data-name="Rechteck 573"
                    fill="#fff"
                    id="Rechteck_573"
                    stroke="#E20360"
                    stroke-width="1"
                    transform="translate(12 15)"
                  >
                    <rect
                      height="2"
                      rx="1"
                      stroke="none"
                      width="8"
                    />
                    <rect
                      fill="none"
                      height="1"
                      rx="0.5"
                      width="7"
                      x="0.5"
                      y="0.5"
                    />
                  </g>
                  <g
                    data-name="Rechteck 574"
                    fill="#E20360"
                    id="Rechteck_574"
                    stroke="#E20360"
                    stroke-width="1"
                    transform="translate(17 12) rotate(90)"
                  >
                    <rect
                      height="2"
                      rx="1"
                      stroke="none"
                      width="8"
                    />
                    <rect
                      fill="none"
                      height="1"
                      rx="0.5"
                      width="7"
                      x="0.5"
                      y="0.5"
                    />
                  </g>
                </svg>
              </button>
            </button>
          </article>
          <button
            class="dialog__close-button"
          >
            <svg
              class="dialog__close-icon"
              viewBox="0 0 36 36"
              xmlns="http://www.w3.org/2000/svg"
            >
              <g
                fill="none"
              >
                <rect
                  height="24"
                  transform="translate(6 6)"
                  width="24"
                />
                <g
                  stroke="currentColor"
                  stroke-width="2"
                  transform="rotate(45 1.179 24.468)"
                >
                  <line
                    x1="8.5"
                    x2="8.5"
                    y2="16"
                  />
                  <line
                    x1="0.5"
                    x2="16.5"
                    y1="8"
                    y2="8"
                  />
                </g>
              </g>
            </svg>
          </button>
        </aside>
      </div>
    </div>
  </div>
  <div
    data-focus-guard="true"
    style="width: 1px; height: 0px; padding: 0px; overflow: hidden; position: fixed; top: 1px; left: 1px;"
    tabindex="0"
  />
</div>
`;
