// Vitest Snapshot v1

exports[`BoardSettings > should match snapshot 1`] = `
<div
  class="settings-dialog__container accent-color__backlog-blue"
>
  <header
    class="settings-dialog__header"
  >
    <h2
      class="settings-dialog__header-text"
    >
       
      SettingsDialog.BoardSettings
    </h2>
  </header>
  <div
    class="board-settings__container-wrapper"
  >
    <div
      class="board-settings__container"
    >
      <div
        class="settings-input__container"
      >
        <input
          autocomplete="off"
          id="boardSettingsBoardName"
          placeholder="scrumlr.io"
          type="text"
          value="test-board-name"
        />
        <label
          for="boardSettingsBoardName"
        >
          BoardSettings.BoardName
        </label>
      </div>
      <div
        class="board-settings__group-and-button"
      >
        <div
          class="settings-dialog__group"
        >
          <button
            class="settings-option-button settings-option-button--disabled board-settings__policy-button"
            disabled=""
            type="button"
          >
            <span
              class="settings-option-button__label"
            >
              BoardSettings.AccessPolicy
            </span>
            <div
              class="board-settings__policy-button_value"
            >
              <span>
                AccessPolicySelection.publicTitle
              </span>
            </div>
          </button>
          <hr
            class="settings-dialog__separator"
          />
          <div
            class="settings-input__container"
          >
            <input
              autocomplete="off"
              class="settings-input__hidden-placeholder"
              id="boardSettingsPassword"
              placeholder="BoardSettings.Password"
              type="password"
              value=""
            />
            <label
              for="boardSettingsPassword"
            >
              BoardSettings.Password
            </label>
            
          </div>
        </div>
        <button
          class="board-settings__password-management-button board-settings__generate-password-button"
        >
          <svg
            viewBox="0 0 492.883 492.883"
            xmlns="http://www.w3.org/2000/svg"
          >
            <g>
              <path
                d="M122.941,374.241c-20.1-18.1-34.6-39.8-44.1-63.1c-25.2-61.8-13.4-135.3,35.8-186l45.4,45.4c2.5,2.5,7,0.7,7.6-3 l24.8-162.3c0.4-2.7-1.9-5-4.6-4.6l-162.4,24.8c-3.7,0.6-5.5,5.1-3,7.6l45.5,45.5c-75.1,76.8-87.9,192-38.6,282 c14.8,27.1,35.3,51.9,61.4,72.7c44.4,35.3,99,52.2,153.2,51.1l10.2-66.7C207.441,421.641,159.441,407.241,122.941,374.241z"
                fill="currentColor"
              />
              <path
                d="M424.941,414.341c75.1-76.8,87.9-192,38.6-282c-14.8-27.1-35.3-51.9-61.4-72.7c-44.4-35.3-99-52.2-153.2-51.1l-10.2,66.7 c46.6-4,94.7,10.4,131.2,43.4c20.1,18.1,34.6,39.8,44.1,63.1c25.2,61.8,13.4,135.3-35.8,186l-45.4-45.4c-2.5-2.5-7-0.7-7.6,3 l-24.8,162.3c-0.4,2.7,1.9,5,4.6,4.6l162.4-24.8c3.7-0.6,5.4-5.1,3-7.6L424.941,414.341z"
                fill="currentColor"
              />
            </g>
          </svg>
          <span
            class="board-settings__password-management-text"
          >
            BoardSettings.generatePassword
          </span>
        </button>
      </div>
      <div
        class="settings-dialog__group"
      >
        <button
          class="settings-option-button board-settings__show-author-button"
          data-testid="author"
          type="button"
        >
          <span
            class="settings-option-button__label"
          >
            BoardSettings.ShowAuthorOption
          </span>
          <div
            class="board-settings__show-author-value"
          >
            <div
              class="toggle toggle--active"
            />
          </div>
        </button>
        <hr
          class="settings-dialog__separator"
        />
        <button
          class="settings-option-button board-settings__show-notes-button"
          data-testid="notes"
          type="button"
        >
          <span
            class="settings-option-button__label"
          >
            BoardSettings.ShowOtherUsersNotesOption
          </span>
          <div
            class="board-settings__show-notes-value"
          >
            <div
              class="toggle toggle--active"
            />
          </div>
        </button>
        <hr
          class="settings-dialog__separator"
        />
        <button
          class="settings-option-button board-settings__show-columns-button"
          data-testid="columns"
          type="button"
        >
          <span
            class="settings-option-button__label"
          >
            BoardSettings.ShowHiddenColumnsOption
          </span>
          <div
            class="board-settings__show-columns-value"
          >
            <div
              class="toggle"
            />
          </div>
        </button>
      </div>
      <button
        class="settings-option-button board-settings__delete-button"
        type="button"
      >
        <span
          class="settings-option-button__label"
        >
          BoardSettings.DeleteBoard
        </span>
        <div
          class="board-settings__delete-value"
        >
          <svg
            height="32"
            viewBox="0 0 32 32"
            width="32"
            xmlns="http://www.w3.org/2000/svg"
          >
            <g
              transform="translate(4 28.125)"
            >
              <path
                d="M11.077,3.4a1,1,0,0,1-1-1V1.17a.187.187,0,0,0-.2-.17H6.123a.187.187,0,0,0-.2.17V2.4a1,1,0,1,1-2,0V1.17A2.188,2.188,0,0,1,6.123-1H9.877a2.188,2.188,0,0,1,2.2,2.17V2.4A1,1,0,0,1,11.077,3.4Z"
                fill="currentColor"
                transform="translate(4 -21.25)"
              />
              <path
                d="M12.4,1a1,1,0,0,1-1-.93l-.892-12.681q0-.024,0-.048c0-.156-.217-.334-.518-.342H2.2c-.3.008-.515.186-.518.342q0,.024,0,.048L1-2.919A1,1,0,0,1-.07-1.992,1,1,0,0,1-1-3.06l.681-9.671A2.444,2.444,0,0,1,2.172-15h7.85a2.444,2.444,0,0,1,2.489,2.269L13.4-.07A1,1,0,0,1,12.475,1Z"
                fill="currentColor"
                transform="translate(18.205 -17) rotate(180)"
              />
              <path
                d="M1,6.75A.75.75,0,0,1,.25,6V0a.75.75,0,0,1,1.5,0V6A.75.75,0,0,1,1,6.75Z"
                fill="currentColor"
                opacity="0.5"
                transform="translate(9 -13.5)"
              />
              <path
                d="M1,6.75A.75.75,0,0,1,.25,6V0a.75.75,0,0,1,1.5,0V6A.75.75,0,0,1,1,6.75Z"
                fill="currentColor"
                opacity="0.5"
                transform="translate(13 -13.5)"
              />
              <path
                d="M20-17l-.055,0c-.159,0-1.693-.023-15.944,0a1,1,0,0,1-1-1,1,1,0,0,1,1-1c8.207-.014,12.121-.013,13.96-.01a16.048,16.048,0,0,1,2.269.036,1,1,0,0,1,.747,1.2A1,1,0,0,1,20-17Z"
                fill="currentColor"
              />
            </g>
          </svg>
        </div>
      </button>
    </div>
  </div>
</div>
`;
