// Vitest Snapshot v1

exports[`ToggleButton > should render correctly 1`] = `
<button
  aria-pressed="false"
  class="toggle-button"
>
  <div
    class="toggle"
  />
</button>
`;
